============================================================
COMPREHENSIVE ML TRADING SYSTEM TEST
============================================================

--- Running test_data_loading ---
============================================================
TESTING: Data Loading
============================================================


CRITICAL ERROR IN TEST SUITE: 'charmap' codec can't encode character '\u2717' in position 0: character maps to <undefined>
